START eps=0.002 2026-07-24T07:03:06Z
DONE eps=0.002 2026-07-24T07:03:11Z
START eps=0.001 2026-07-24T07:03:11Z
DONE eps=0.001 2026-07-24T07:03:15Z
START eps=0.0005 2026-07-24T07:03:15Z
DONE eps=0.0005 2026-07-24T07:03:21Z
START eps=0.0002 2026-07-24T07:03:21Z
DONE eps=0.0002 2026-07-24T07:03:28Z
START eps=0.0001 2026-07-24T07:03:28Z
FAILED eps=0.0001 rc=1 2026-07-24T07:03:35Z
    main()
  File "/workspace/repo/scripts/run_ablation_ladder.py", line 1060, in main
    rows = run_all(args, cfg, device)
           ^^^^^^^^^^^^^^^^^^^^^^^^^^
  File "/workspace/repo/scripts/run_ablation_ladder.py", line 751, in run_all
    row = execute(unit, run, f"  seed {seed}")
          ^^^^^^^^^^^^^^^^^^^^^^^^^^^^^^^^^^^^
  File "/workspace/repo/scripts/run_ablation_ladder.py", line 731, in execute
    result = fn()
             ^^^^
  File "/workspace/repo/scripts/run_ablation_ladder.py", line 749, in run
    return run_one_unit(r, t, s, cfg, device, references)
           ^^^^^^^^^^^^^^^^^^^^^^^^^^^^^^^^^^^^^^^^^^^^^^
  File "/workspace/repo/scripts/run_ablation_ladder.py", line 643, in run_one_unit
    references[ref_key] = compute_uniform_reference(adjacency, seed, cfg, device)
                          ^^^^^^^^^^^^^^^^^^^^^^^^^^^^^^^^^^^^^^^^^^^^^^^^^^^^^^^
  File "/workspace/repo/scripts/run_ablation_ladder.py", line 528, in compute_uniform_reference
    result = sim.mlmc_estimate(epsilon=ref_eps, T=cfg["T"], base_dt=cfg["base_dt"], L_max=ref_L,
             ^^^^^^^^^^^^^^^^^^^^^^^^^^^^^^^^^^^^^^^^^^^^^^^^^^^^^^^^^^^^^^^^^^^^^^^^^^^^^^^^^^^
  File "/workspace/repo/scripts/../src/gpu/parallel_mc.py", line 1232, in mlmc_estimate
    p95_lo, p95_hi = self.bootstrap_quantile_ci(all_level_diffs, quantile=0.95)
                     ^^^^^^^^^^^^^^^^^^^^^^^^^^^^^^^^^^^^^^^^^^^^^^^^^^^^^^^^^^
  File "/workspace/repo/scripts/../src/gpu/parallel_mc.py", line 1131, in bootstrap_quantile_ci
    boot_q = _torch.quantile(data[idx], quantile, dim=1)
                             ~~~~^^^^^
RuntimeError: CUDA error: an illegal memory access was encountered
CUDA kernel errors might be asynchronously reported at some other API call, so the stacktrace below might be incorrect.
For debugging consider passing CUDA_LAUNCH_BLOCKING=1
Compile with `TORCH_USE_CUDA_DSA` to enable device-side assertions.

ALL_EPSILONS_COMPLETE 2026-07-24T07:03:35Z
